// Jest Snapshot v1, https://goo.gl/fbAQLP

exports[`RestaurantCardContainer should match the snapshot 1`] = `
ShallowWrapper {
  "length": 1,
  Symbol(enzyme.__root__): [Circular],
  Symbol(enzyme.__unrendered__): <RestaurantCardContainer
    restaurants={
      Object {
        "data": Object {
          "Address": "105 Stuart St, Mullumbimby",
          "Cuisines": "Cafe, Coffee and Tea, Sandwich",
          "Rating": "3.8",
        },
        "name": "Punch and Daisy",
      }
    }
  />,
  Symbol(enzyme.__renderer__): Object {
    "batchedUpdates": [Function],
    "getNode": [Function],
    "render": [Function],
    "simulateEvent": [Function],
    "unmount": [Function],
  },
  Symbol(enzyme.__node__): Object {
    "instance": null,
    "key": undefined,
    "nodeType": "host",
    "props": Object {
      "children": <div
        className="cards"
      >
        <span
          className="favorite"
          onClick={[Function]}
        >
          Favorite
        </span>
        <h2
          className="rating"
        >
          Rating: 
          3.8
        </h2>
        <h1
          className="restaurant-name"
        >
          Punch and Daisy
        </h1>
        <h2
          className="cuisine"
        >
          Cuisine: 
          Cafe, Coffee and Tea, Sandwich
        </h2>
        <h2
          className="address"
        >
          Address:
        </h2>
        <h2
          className="address"
        >
          105 Stuart St, Mullumbimby
        </h2>
      </div>,
      "className": "card-container",
    },
    "ref": null,
    "rendered": Object {
      "instance": null,
      "key": undefined,
      "nodeType": "host",
      "props": Object {
        "children": Array [
          <span
            className="favorite"
            onClick={[Function]}
          >
            Favorite
          </span>,
          <h2
            className="rating"
          >
            Rating: 
            3.8
          </h2>,
          <h1
            className="restaurant-name"
          >
            Punch and Daisy
          </h1>,
          <h2
            className="cuisine"
          >
            Cuisine: 
            Cafe, Coffee and Tea, Sandwich
          </h2>,
          <h2
            className="address"
          >
            Address:
          </h2>,
          <h2
            className="address"
          >
            105 Stuart St, Mullumbimby
          </h2>,
        ],
        "className": "cards",
      },
      "ref": null,
      "rendered": Array [
        Object {
          "instance": null,
          "key": undefined,
          "nodeType": "host",
          "props": Object {
            "children": "Favorite",
            "className": "favorite",
            "onClick": [Function],
          },
          "ref": null,
          "rendered": "Favorite",
          "type": "span",
        },
        Object {
          "instance": null,
          "key": undefined,
          "nodeType": "host",
          "props": Object {
            "children": Array [
              "Rating: ",
              "3.8",
            ],
            "className": "rating",
          },
          "ref": null,
          "rendered": Array [
            "Rating: ",
            "3.8",
          ],
          "type": "h2",
        },
        Object {
          "instance": null,
          "key": undefined,
          "nodeType": "host",
          "props": Object {
            "children": "Punch and Daisy",
            "className": "restaurant-name",
          },
          "ref": null,
          "rendered": "Punch and Daisy",
          "type": "h1",
        },
        Object {
          "instance": null,
          "key": undefined,
          "nodeType": "host",
          "props": Object {
            "children": Array [
              "Cuisine: ",
              "Cafe, Coffee and Tea, Sandwich",
            ],
            "className": "cuisine",
          },
          "ref": null,
          "rendered": Array [
            "Cuisine: ",
            "Cafe, Coffee and Tea, Sandwich",
          ],
          "type": "h2",
        },
        Object {
          "instance": null,
          "key": undefined,
          "nodeType": "host",
          "props": Object {
            "children": "Address:",
            "className": "address",
          },
          "ref": null,
          "rendered": "Address:",
          "type": "h2",
        },
        Object {
          "instance": null,
          "key": undefined,
          "nodeType": "host",
          "props": Object {
            "children": "105 Stuart St, Mullumbimby",
            "className": "address",
          },
          "ref": null,
          "rendered": "105 Stuart St, Mullumbimby",
          "type": "h2",
        },
      ],
      "type": "div",
    },
    "type": "div",
  },
  Symbol(enzyme.__nodes__): Array [
    Object {
      "instance": null,
      "key": undefined,
      "nodeType": "host",
      "props": Object {
        "children": <div
          className="cards"
        >
          <span
            className="favorite"
            onClick={[Function]}
          >
            Favorite
          </span>
          <h2
            className="rating"
          >
            Rating: 
            3.8
          </h2>
          <h1
            className="restaurant-name"
          >
            Punch and Daisy
          </h1>
          <h2
            className="cuisine"
          >
            Cuisine: 
            Cafe, Coffee and Tea, Sandwich
          </h2>
          <h2
            className="address"
          >
            Address:
          </h2>
          <h2
            className="address"
          >
            105 Stuart St, Mullumbimby
          </h2>
        </div>,
        "className": "card-container",
      },
      "ref": null,
      "rendered": Object {
        "instance": null,
        "key": undefined,
        "nodeType": "host",
        "props": Object {
          "children": Array [
            <span
              className="favorite"
              onClick={[Function]}
            >
              Favorite
            </span>,
            <h2
              className="rating"
            >
              Rating: 
              3.8
            </h2>,
            <h1
              className="restaurant-name"
            >
              Punch and Daisy
            </h1>,
            <h2
              className="cuisine"
            >
              Cuisine: 
              Cafe, Coffee and Tea, Sandwich
            </h2>,
            <h2
              className="address"
            >
              Address:
            </h2>,
            <h2
              className="address"
            >
              105 Stuart St, Mullumbimby
            </h2>,
          ],
          "className": "cards",
        },
        "ref": null,
        "rendered": Array [
          Object {
            "instance": null,
            "key": undefined,
            "nodeType": "host",
            "props": Object {
              "children": "Favorite",
              "className": "favorite",
              "onClick": [Function],
            },
            "ref": null,
            "rendered": "Favorite",
            "type": "span",
          },
          Object {
            "instance": null,
            "key": undefined,
            "nodeType": "host",
            "props": Object {
              "children": Array [
                "Rating: ",
                "3.8",
              ],
              "className": "rating",
            },
            "ref": null,
            "rendered": Array [
              "Rating: ",
              "3.8",
            ],
            "type": "h2",
          },
          Object {
            "instance": null,
            "key": undefined,
            "nodeType": "host",
            "props": Object {
              "children": "Punch and Daisy",
              "className": "restaurant-name",
            },
            "ref": null,
            "rendered": "Punch and Daisy",
            "type": "h1",
          },
          Object {
            "instance": null,
            "key": undefined,
            "nodeType": "host",
            "props": Object {
              "children": Array [
                "Cuisine: ",
                "Cafe, Coffee and Tea, Sandwich",
              ],
              "className": "cuisine",
            },
            "ref": null,
            "rendered": Array [
              "Cuisine: ",
              "Cafe, Coffee and Tea, Sandwich",
            ],
            "type": "h2",
          },
          Object {
            "instance": null,
            "key": undefined,
            "nodeType": "host",
            "props": Object {
              "children": "Address:",
              "className": "address",
            },
            "ref": null,
            "rendered": "Address:",
            "type": "h2",
          },
          Object {
            "instance": null,
            "key": undefined,
            "nodeType": "host",
            "props": Object {
              "children": "105 Stuart St, Mullumbimby",
              "className": "address",
            },
            "ref": null,
            "rendered": "105 Stuart St, Mullumbimby",
            "type": "h2",
          },
        ],
        "type": "div",
      },
      "type": "div",
    },
  ],
  Symbol(enzyme.__options__): Object {
    "adapter": ReactSixteenAdapter {
      "options": Object {
        "enableComponentDidUpdateOnSetState": true,
      },
    },
  },
}
`;
